// Jest Snapshot v1, https://goo.gl/fbAQLP

exports[`<Cloud /> should should render div with theme 1`] = `
.c0 {
  position: absolute;
  z-index: 1;
  top: 50%;
  left: 50%;
  width: 3.6875em;
  height: 3.6875em;
  margin: -1.84375em;
  background: #FFFFFF;
  border-radius: 50%;
  box-shadow: -2.1875em 0.6875em 0 -0.6875em #FFFFFF, 2.0625em 0.9375em 0 -0.9375em #FFFFFF, 0 0 0 0.375em #607D8B, -2.1875em 0.6875em 0 -0.3125em #607D8B, 2.0625em 0.9375em 0 -0.5625em #607D8B;
}

.c0:after {
  content: '';
  position: absolute;
  bottom: 0;
  left: -0.5em;
  display: block;
  width: 4.5625em;
  height: 1em;
  background: #FFFFFF;
  box-shadow: 0 0.4375em 0 -0.0625em #607D8B;
}

.c0:nth-child(2) {
  z-index: 0;
  background: #607D8B;
  box-shadow: -2.1875em 0.6875em 0 -0.6875em #607D8B, 2.0625em 0.9375em 0 -0.9375em #607D8B, 0 0 0 0.375em #607D8B, -2.1875em 0.6875em 0 -0.3125em #607D8B, 2.0625em 0.9375em 0 -0.5625em #607D8B;
  opacity: 0.6;
  -webkit-transform: scale(0.5) translate(6em,-3em);
  -ms-transform: scale(0.5) translate(6em,-3em);
  transform: scale(0.5) translate(6em,-3em);
  -webkit-animation: klvFln 4s linear infinite;
  animation: klvFln 4s linear infinite;
}

.c0:nth-child(2):after {
  background: #607D8B;
}

<div
  className="c0"
  data-e2e="cloud"
/>
`;
